Microchip MPLAB XC8 Compiler V2.46

Linker command line:

-W-3 \
  --edf=C:\Program Files\Microchip\xc8\v2.46\pic\dat\20240104201356_en.msgs \
  -cn -h+dist/default/production\prj.production.sym \
  --cmf=dist/default/production\prj.production.cmf -z -Q16F877A \
  -oC:\Users\Wodan\AppData\Local\Temp\xcAshcc.\driver_tmp_3.o \
  --defsym=__MPLAB_BUILD=1 --fixupoverflow=error \
  -Mdist/default/production/prj.production.map \
  --md=C:\Users\Wodan\AppData\Local\Temp\xcAshcc.\driver_tmp_0.dat -E1 \
  -ver=XC8 Compiler --acfsm=1493 -ACODE=00h-07FFhx4 -ASTRCODE=00h-01FFFh \
  -ASTRING=00h-0FFhx32 -ACONST=00h-0FFhx32 -AENTRY=00h-0FFhx32 \
  -ACOMMON=070h-07Fh -ABANK0=020h-06Fh -ABANK1=0A0h-0EFh \
  -ABANK2=0110h-016Fh -ABANK3=0190h-01EFh \
  -ARAM=020h-06Fh,0A0h-0EFh,0110h-016Fh,0190h-01EFh \
  -AABS1=020h-07Fh,0A0h-0EFh,0110h-016Fh,0190h-01EFh -ASFR0=00h-01Fh \
  -ASFR1=080h-09Fh -ASFR2=0100h-010Fh -ASFR3=0180h-018Fh \
  -ACONFIG=02007h-02007h -DCONFIG=2 -AIDLOC=02000h-02003h -DIDLOC=2 \
  -AEEDATA=00h-0FFh/02100h -peeprom_data=EEDATA -DEEDATA=2 -DCODE=2 \
  -DSTRCODE=2 -DSTRING=2 -DCONST=2 -DENTRY=2 \
  -preset_vec=00h,intentry=04h,sivt,init,end_init -ppowerup=CODE \
  -pcinit=CODE -pfunctab=ENTRY -k \
  C:\Users\Wodan\AppData\Local\Temp\xcAshcc.\driver_tmp_12.o \
  dist/default/production\prj.production.o 

Object code version is 3.11

Machine type is 16F877A



                Name                               Link     Load   Length Selector   Space Scale
C:\Users\Wodan\AppData\Local\Temp\xcAshcc.\driver_tmp_12.o
                end_init                              C        C        3        8       0
                reset_vec                             0        0        3        0       0
                config                             2007     2007        1        0       4
dist/default/production\prj.production.o
                cinit                                 F        F        E        8       0
                intentry                              4        4        8        8       0
                config                             2007     2007        1        0       4
                text7                               692      692       1F        8       0
                text6                               362      362      1CF        8       0
                text5                               669      669       29        8       0
                text4                                1D       1D      345        8       0
                text3                               531      531       BA        8       0
                text2                               5EB      5EB       47        8       0
                text1                               6B1      6B1        B        8       0
                maintext                            632      632       37        8       0
                cstackBANK0                          20       20       41       20       1
                cstackCOMMON                         70       70        A       70       1
                bssBANK0                             61       61        6       20       1
                bssCOMMON                            7A       7A        2       70       1

TOTAL           Name                               Link     Load   Length     Space
        CLASS   CODE           
                end_init                              C        C        3         0
                cinit                                 F        F        E         0
                intentry                              4        4        8         0
                reset_vec                             0        0        3         0
                text7                               692      692       1F         0
                text6                               362      362      1CF         0
                text5                               669      669       29         0
                text4                                1D       1D      345         0
                text3                               531      531       BA         0
                text2                               5EB      5EB       47         0
                text1                               6B1      6B1        B         0
                maintext                            632      632       37         0

        CLASS   STRCODE        

        CLASS   STRING         

        CLASS   CONST          

        CLASS   ENTRY          

        CLASS   COMMON         
                cstackCOMMON                         70       70        A         1
                bssCOMMON                            7A       7A        2         1

        CLASS   BANK0          
                cstackBANK0                          20       20       41         1
                bssBANK0                             61       61        6         1

        CLASS   BANK1          

        CLASS   BANK2          

        CLASS   BANK3          

        CLASS   RAM            

        CLASS   ABS1           
                abs_s1                               7E       7E        2         1

        CLASS   SFR0           

        CLASS   SFR1           

        CLASS   SFR2           

        CLASS   SFR3           

        CLASS   CONFIG         
                config                             2007     2007        1         4

        CLASS   IDLOC          

        CLASS   EEDATA         

        CLASS   HEAP           

        CLASS   STACK          



SEGMENTS        Name                           Load    Length   Top    Selector   Space  Class     Delta

                reset_vec                      000000  000003  000003         0       0  CODE        2
                intentry                       000004  0006B8  0006BC         8       0  CODE        2
                cstackBANK0                    000020  000047  000067        20       1  BANK0       1
                cstackCOMMON                   000070  00000C  00007C        70       1  COMMON      1


UNUSED ADDRESS RANGES

        Name                Unused          Largest block    Delta
        BANK0            0067-006F              9           1
        BANK1            00A0-00EF             50           1
        BANK2            0110-016F             60           1
        BANK3            0190-01EF             60           1
        CODE             0003-0003              1           2
                         06BC-1FFF            800
        COMMON           007C-007D              2           1
        CONST            0003-0003              1           2
                         06BC-1FFF            100
        EEDATA           2100-21FF            100           2
        ENTRY            0003-0003              1           2
                         06BC-1FFF            100
        IDLOC            2000-2003              4           2
        RAM              0067-006F              9           1
                         00A0-00EF             50
                         0110-016F             60
                         0190-01EF             60
        SFR0             0000-001F             20           1
        SFR1             0080-009F             20           1
        SFR2             0100-010F             10           1
        SFR3             0180-018F             10           1
        STRCODE          0003-0003              1           2
                         06BC-1FFF           1944
        STRING           0003-0003              1           2
                         06BC-1FFF            100

                                  Symbol Table

?__Umul8_16                  cstackCOMMON 0072
?___fldiv                    cstackBANK0  0040
?___flmul                    cstackBANK0  0026
?___xxtofl                   cstackCOMMON 0072
?_calcular_distancia         cstackBANK0  005A
_INTCONbits                  (abs)        000B
_PORTB                       (abs)        0006
_PORTBbits                   (abs)        0006
_T1CON                       (abs)        0010
_T1CONbits                   (abs)        0010
_TMR1                        (abs)        000E
_TMR1H                       (abs)        000F
_TMR1L                       (abs)        000E
_TRISB                       (abs)        0086
__H__absolute__              __absolute__ 0000
__Habs1                      abs1         0000
__Hbank0                     bank0        0000
__Hbank1                     bank1        0000
__Hbank2                     bank2        0000
__Hbank3                     bank3        0000
__HbssBANK0                  bssBANK0     0000
__HbssCOMMON                 bssCOMMON    0000
__Hcinit                     cinit        001D
__Hclrtext                   clrtext      0000
__Hcode                      code         0000
__Hcommon                    common       0000
__Hconfig                    config       2008
__HcstackBANK0               cstackBANK0  0000
__HcstackCOMMON              cstackCOMMON 0000
__Heeprom_data               eeprom_data  0000
__Hend_init                  end_init     000F
__Hfunctab                   functab      0000
__Hheap                      heap         0000
__Hinit                      init         000C
__Hintentry                  intentry     000C
__Hmaintext                  maintext     0000
__Hpowerup                   powerup      0000
__Hram                       ram          0000
__Hreset_vec                 reset_vec    0003
__Hsfr0                      sfr0         0000
__Hsfr1                      sfr1         0000
__Hsfr2                      sfr2         0000
__Hsfr3                      sfr3         0000
__Hsivt                      sivt         000C
__Hspace_0                   (abs)        06BC
__Hspace_1                   (abs)        007C
__Hspace_2                   (abs)        0000
__Hspace_3                   (abs)        0000
__Hspace_4                   (abs)        400F
__Hstack                     stack        0000
__Hstrings                   strings      0000
__Htext                      text         0000
__L__absolute__              __absolute__ 0000
__Labs1                      abs1         0000
__Lbank0                     bank0        0000
__Lbank1                     bank1        0000
__Lbank2                     bank2        0000
__Lbank3                     bank3        0000
__LbssBANK0                  bssBANK0     0000
__LbssCOMMON                 bssCOMMON    0000
__Lcinit                     cinit        000F
__Lclrtext                   clrtext      0000
__Lcode                      code         0000
__Lcommon                    common       0000
__Lconfig                    config       0000
__LcstackBANK0               cstackBANK0  0000
__LcstackCOMMON              cstackCOMMON 0000
__Leeprom_data               eeprom_data  0000
__Lend_init                  end_init     000C
__Lfunctab                   functab      0000
__Lheap                      heap         0000
__Linit                      init         000C
__Lintentry                  intentry     0004
__Lmaintext                  maintext     0000
__Lpowerup                   powerup      0000
__Lram                       ram          0000
__Lreset_vec                 reset_vec    0000
__Lsfr0                      sfr0         0000
__Lsfr1                      sfr1         0000
__Lsfr2                      sfr2         0000
__Lsfr3                      sfr3         0000
__Lsivt                      sivt         000C
__Lspace_0                   (abs)        0000
__Lspace_1                   (abs)        0000
__Lspace_2                   (abs)        0000
__Lspace_3                   (abs)        0000
__Lspace_4                   (abs)        0000
__Lstack                     stack        0000
__Lstrings                   strings      0000
__Ltext                      text         0000
__S0                         (abs)        06BC
__S1                         (abs)        007C
__S3                         (abs)        0000
__Umul8_16                   text5        0669
__Umul8_16@multiplicand      cstackCOMMON 0072
__Umul8_16@multiplier        cstackBANK0  0024
__Umul8_16@product           cstackBANK0  0020
__Umul8_16@word_mpld         cstackBANK0  0022
___fldiv                     text6        0362
___fldiv@a                   cstackBANK0  0040
___fldiv@aexp                cstackBANK0  0059
___fldiv@b                   cstackBANK0  0044
___fldiv@bexp                cstackBANK0  0058
___fldiv@grs                 cstackBANK0  0054
___fldiv@new_exp             cstackBANK0  0052
___fldiv@rem                 cstackBANK0  004D
___fldiv@sign                cstackBANK0  0051
___flmul                     text4        001D
___flmul@a                   cstackBANK0  002A
___flmul@aexp                cstackBANK0  0034
___flmul@b                   cstackBANK0  0026
___flmul@bexp                cstackBANK0  0039
___flmul@grs                 cstackBANK0  0035
___flmul@prod                cstackBANK0  003A
___flmul@sign                cstackBANK0  0033
___flmul@temp                cstackBANK0  003E
___heap_hi                   (abs)        0000
___heap_lo                   (abs)        0000
___int_sp                    stack        0000
___int_stack_hi              stack        0000
___int_stack_lo              stack        0000
___latbits                   (abs)        0002
___sp                        stack        0000
___stack_hi                  stack        0000
___stack_lo                  stack        0000
___stackhi                   (abs)        0000
___stacklo                   (abs)        0000
___xxtofl                    text3        0531
___xxtofl@arg                cstackBANK0  0022
___xxtofl@exp                cstackBANK0  0021
___xxtofl@sign               cstackBANK0  0020
___xxtofl@val                cstackCOMMON 0072
__end_of__Umul8_16           text5        0692
__end_of___fldiv             text6        0531
__end_of___flmul             text4        0362
__end_of___xxtofl            text3        05EB
__end_of__initialization     cinit        0019
__end_of_calcular_distancia  text2        0632
__end_of_isr                 text7        06B1
__end_of_main                maintext     0669
__end_of_send_trigger_pulse  text1        06BC
__initialization             cinit        000F
__pbssBANK0                  bssBANK0     0061
__pbssCOMMON                 bssCOMMON    007A
__pcstackBANK0               cstackBANK0  0020
__pcstackCOMMON              cstackCOMMON 0070
__pintentry                  intentry     0004
__pmaintext                  maintext     0632
__ptext1                     text1        06B1
__ptext2                     text2        05EB
__ptext3                     text3        0531
__ptext4                     text4        001D
__ptext5                     text5        0669
__ptext6                     text6        0362
__ptext7                     text7        0692
_calcular_distancia          text2        05EB
_echo_recebido               bssBANK0     0061
_echo_time                   bssBANK0     0065
_isr                         text7        0692
_main                        maintext     0632
_send_trigger_pulse          text1        06B1
btemp                        (abs)        007E
calcular_distancia@echo_time cstackBANK0  005A
end_of_initialization        cinit        0019
interrupt_function           intentry     0004
intlevel0                    functab      0000
intlevel1                    functab      0000
intlevel2                    functab      0000
intlevel3                    functab      0000
intlevel4                    functab      0000
intlevel5                    functab      0000
reset_vec                    reset_vec    0000
saved_w                      (abs)        007E
start                        init         000C
start_initialization         cinit        000F
wtemp0                       (abs)        007E


MODULE INFORMATION

Module		Function		Class		Link	Load	Size
C:\Program Files\Microchip\xc8\v2.46\pic\sources\c99\common\Umul8_16.c
		__Umul8_16     		CODE           	0669	0000	41

C:\Program Files\Microchip\xc8\v2.46\pic\sources\c99\common\Umul8_16.c estimated size: 41

C:\Program Files\Microchip\xc8\v2.46\pic\sources\c99\common\xxtofl.c
		___xxtofl      		CODE           	0531	0000	186

C:\Program Files\Microchip\xc8\v2.46\pic\sources\c99\common\xxtofl.c estimated size: 186

C:\Program Files\Microchip\xc8\v2.46\pic\sources\c99\common\sprcmul.c
		___flmul       		CODE           	001D	0000	837

C:\Program Files\Microchip\xc8\v2.46\pic\sources\c99\common\sprcmul.c estimated size: 837

C:\Program Files\Microchip\xc8\v2.46\pic\sources\c99\common\sprcdiv.c
		___fldiv       		CODE           	0362	0000	463

C:\Program Files\Microchip\xc8\v2.46\pic\sources\c99\common\sprcdiv.c estimated size: 463

shared
		__initialization		CODE           	000F	0000	10

shared estimated size: 10

main.c
		_send_trigger_pulse		CODE           	06B1	0000	11
		_main          		CODE           	0632	0000	55
		_isr           		CODE           	0692	0000	31
		_calcular_distancia		CODE           	05EB	0000	71

main.c estimated size: 168

